["this file must not be empty otherwise the directory will be git ignored"]