{
    "slot_name_mapping": {
        "MakeCoffee": {
            "number_of_cups": "snips/number"
        }, 
        "MakeTea": {
            "number_of_cups": "snips/number",
            "beverage_temperature": "Temperature"
        }
    }, 
    "entities": {
        "Temperature": {
            "automatically_extensible": true, 
            "utterances": {
                "boiling": "hot", 
                "cold": "cold", 
                "hot": "hot", 
                "iced": "cold"
            }
        }
    }, 
    "tagging_threshold": 5, 
    "intents_data_sizes": {
        "MakeCoffee": 7, 
        "MakeTea": 4
    }, 
    "language": "en"
}